
> frontend@0.1.0 build
> next build

Γû▓ Next.js 16.1.6 (Turbopack)
- Environments: .env.local

  Creating an optimized production build ...
Γ£ô Compiled successfully in 9.6s
  Running TypeScript ...
  Collecting page data using 11 workers ...
  Generating static pages using 11 workers (0/26) ...
node.exe : 
ReferenceError: 
location is not 
defined
At line:1 char:1
+ & "C:\Program Files
\nodejs/node.exe" 
"C:\Program 
Files\nodejs/node_mo 
...
+ ~~~~~~~~~~~~~~~~~~~
~~~~~~~~~~~~~~~~~~~~~
~~~~~~~~~~~~~~~~~~~~~
~~~~~~~~
    + CategoryInfo   
           : NotSpe  
  cified: (Referen   
 ceError: locatio    
n is not defined    
:String) [], Rem    
oteException
    + FullyQualified 
   ErrorId : Native  
  CommandError
 
    at D (E:\mr\front
end\.next\server\chun
ks\ssr\src_app_profil
e_profile-client_tsx_
c718e847._.js:1:1654)
  Generating static pages using 11 workers (6/26) 
(node:4032) 
[DEP0169] 
DeprecationWarning: 
`url.parse()` 
behavior is not 
standardized and 
prone to errors that 
have security 
implications. Use 
the WHATWG URL API 
instead. CVEs are 
not issued for 
`url.parse()` 
vulnerabilities.
(Use `node 
--trace-deprecation 
...` to show where 
the warning was 
created)
  Generating static pages using 11 workers (12/26) 
  Generating static pages using 11 workers (19/26) 
Γ£ô Generating static pages using 11 workers (26/26) in 580.6ms
  Finalizing page optimization ...

Route (app)                  Revalidate  Expire
Γöî Γùï /
Γö£ Γùï /_not-found
Γö£ Γùï /about
Γö£ Γùï /admin
Γö£ Γùï /admin/bikes
Γö£ Γùï /admin/news
Γö£ Γùï /admin/used-bikes
Γö£ ╞Æ /api/auth/[...nextauth]
Γö£ ΓùÅ /bike/[slug]                     1h      1y
Γöé Γö£ /bike/yamaha-r15-v4              1h      1y
Γöé Γö£ /bike/honda-cb150r               1h      1y
Γöé Γö£ /bike/suzuki-gixxer-sf           1h      1y
Γöé Γöö [+2 more paths]
Γö£ Γùï /bikes
Γö£ Γùï /brands
Γö£ ╞Æ /brands/[slug]
Γö£ Γùï /compare
Γö£ Γùï /login
Γö£ Γùï /news
Γö£ ╞Æ /news/[slug]
Γö£ Γùï /privacy
Γö£ Γùï /profile
Γö£ Γùï /robots.txt
Γö£ Γùï /sell-bike
Γö£ Γùï /sitemap.xml                     1h      1y
Γö£ Γùï /terms
Γö£ ╞Æ /used-bike/[id]
Γöö Γùï /used-bikes


Γùï  (Static)   prerendered as static content
ΓùÅ  (SSG)      prerendered as static HTML (uses generateStaticParams)
╞Æ  (Dynamic)  server-rendered on demand

