
> frontend@0.1.0 build
> next build

Γû▓ Next.js 16.1.6 (Turbopack)

  Creating an optimized production build ...
Γ£ô Compiled successfully in 9.5s
  Running TypeScript ...
node.exe : Failed to 
compile.
At line:1 char:1
+ & "C:\Program Files
\nodejs/node.exe" 
"C:\Program 
Files\nodejs/node_mo 
...
+ ~~~~~~~~~~~~~~~~~~~
~~~~~~~~~~~~~~~~~~~~~
~~~~~~~~~~~~~~~~~~~~~
~~~~~~~~
    + CategoryInfo   
           : NotSpe  
  cified: (Failed    
 to compile.:Stri    
ng) [], RemoteEx    
ception
    + FullyQualified 
   ErrorId : Native  
  CommandError
 

./src/app/bikes/catal
ogue-client.tsx:113:4
9
Type error: 
Parameter 'bike' 
implicitly has an 
'any' type.

[0m [90m 111 
|[39m               
              
[33m>[39m
 [90m 112 |[39m    
                     
        [33m<[39m[
33mAnimatePresence[3
9m mode[33m=[39m[3
2m"popLayout"[39m[3
3m>[39m
[31m[1m>[22m[39m
[90m 113 |[39m      
                     
          {bikes[33m
.[39mmap((bike[33m,
[39m index) 
[33m=>[39m (
 [90m     |[39m    
                     
                     
   
[31m[1m^[22m[39m
 [90m 114 |[39m    
                     
                [33m
<[39m[33mBikeCard[
39m
 [90m 115 |[39m    
                     
                    k
ey[33m=[39m{bike[3
3m.[39mid}
 [90m 116 |[39m    
                     
                    b
ike[33m=[39m{bike}
[0m
Next.js build worker 
exited with code: 1 
and signal: null
